
> react-typescript-starter@0.1.0 test
> react-scripts test

Browserslist: caniuse-lite is outdated. Please run:
  npx browserslist@latest --update-db
  Why you should do it regularly: https://github.com/browserslist/browserslist#browsers-data-updating
PASS src/functions.test.ts
  ● Console

    console.log
      HELLO

      at shout (src/functions.ts:34:13)

    console.log
      WHAT?

      at shout (src/functions.ts:34:13)

    console.log
      OHO

      at shout (src/functions.ts:34:13)

    console.log
      AHHHH!!!

      at shout (src/functions.ts:34:13)

    console.log


      at shout (src/functions.ts:34:13)

    console.log
      PLEASE GO OUTSIDE

      at shout (src/functions.ts:34:13)

PASS src/text.test.tsx
PASS src/App.test.tsx
--------------|---------|----------|---------|---------|-------------------
File          | % Stmts | % Branch | % Funcs | % Lines | Uncovered Line #s 
--------------|---------|----------|---------|---------|-------------------
All files     |   95.83 |      100 |   85.71 |   95.83 |                   
 App.tsx      |      50 |      100 |      50 |      50 | 24                
 functions.ts |     100 |      100 |     100 |     100 |                   
--------------|---------|----------|---------|---------|-------------------

Test Suites: 3 passed, 3 total
Tests:       7 passed, 7 total
Snapshots:   0 total
Time:        3.782 s
Ran all test suites.
